HI-TECH Software C Compiler 

Linker command line:

--edf=C:\Program Files\HI-TECH Software\dat\en_msgs.txt -cs -h+PR 9B.sym -z \
  -Q16F877A -ol.obj -MPR 9B.map -E1 -ACONST=00h-0FFhx32 -ACODE=00h-07FFhx4 \
  -ASTRCODE=00h-01FFFh -AENTRY=00h-0FFhx32 -ASTRING=00h-0FFhx32 \
  -ABANK0=020h-06Fh -ABANK1=0A0h-0EFh -ABANK2=0110h-016Fh \
  -ABANK3=0190h-01EFh -ARAM=020h-06Fh,0A0h-0EFh,0110h-016Fh,0190h-01EFh \
  -AABS1=020h-07Fh,0A0h-0EFh,0110h-016Fh,0190h-01EFh -ACOMMON=070h-07Fh \
  -ASFR0=00h-01Fh -ASFR1=080h-09Fh -ASFR2=0100h-010Fh -ASFR3=0180h-018Fh \
  -preset_vec=00h,intentry,init,end_init -ppowerup=CODE -pfunctab=CODE \
  -ACONFIG=02007h-02007h -pconfig=CONFIG -DCONFIG=2 -AIDLOC=02000h-02003h \
  -pidloc=IDLOC -DIDLOC=2 -AEEDATA=00h-0FFh/02100h -peeprom_data=EEDATA \
  -DEEDATA=2 -DCODE=2 -DSTRCODE=2 -DSTRING=2 -DCONST=2 -DENTRY=2 -k \
  C:\Users\Phang\AppData\Local\Temp\s3s8.obj PR 9B.obj 

Object code version is 3.10

Machine type is 16F877A



                Name                               Link     Load   Length Selector   Space Scale
C:\Users\Phang\AppData\Local\Temp\s3s8.obj
                end_init                              0        0        3        0       0
PR 9B.obj       config                             2007     2007        1     400E       0
                text437                             3B0      3B0       30      760       0
                text436                             2A2      2A2        7      544       0
                text435                             2A9      2A9        7      552       0
                text434                             2B0      2B0        7      560       0
                text433                             2B7      2B7        7      56E       0
                text432                             2BE      2BE       14      57C       0
                text431                             3E0      3E0       34      7C0       0
                text430                             335      335       21      66A       0
                text429                             2E6      2E6       19      5CC       0
                text428                             2FF      2FF       19      5FE       0
                text427                             2D2      2D2       14      5A4       0
                text426                             318      318       1D      630       0
                text425                             356      356       2B      6AC       0
                text424                             414      414       BE      828       0
                text423                             4D2      4D2       BE      9A4       0
                text422                             590      590       BE      B20       0
                text421                             64E      64E       BE      C9C       0
                maintext                            70C      70C       F4      E18       0
                cstackCOMMON                         70       70        C       70       1
                dataBANK0                            26       26        6       20       1
                bssBANK0                             20       20        6       20       1
                bssCOMMON                            7C       7C        1       70       1
                cinit                               381      381       2F      702       0
                strings                               3        3       34        6       0
                idataBANK0                          29C      29C        6      538       0

TOTAL           Name                               Link     Load   Length     Space
        CLASS   CONST          

        CLASS   CODE           
                end_init                              0        0        3         0
                text437                             3B0      3B0       30         0
                text436                             2A2      2A2        7         0
                text435                             2A9      2A9        7         0
                text434                             2B0      2B0        7         0
                text433                             2B7      2B7        7         0
                text432                             2BE      2BE       14         0
                text431                             3E0      3E0       34         0
                text430                             335      335       21         0
                text429                             2E6      2E6       19         0
                text428                             2FF      2FF       19         0
                text427                             2D2      2D2       14         0
                text426                             318      318       1D         0
                text425                             356      356       2B         0
                text424                             414      414       BE         0
                text423                             4D2      4D2       BE         0
                text422                             590      590       BE         0
                text421                             64E      64E       BE         0
                maintext                            70C      70C       F4         0
                cinit                               381      381       2F         0
                idataBANK0                          29C      29C        6         0

        CLASS   STRCODE        

        CLASS   ENTRY          

        CLASS   STRING         
                strings                               3        3       34         0

        CLASS   BANK0          
                dataBANK0                            26       26        6         1
                bssBANK0                             20       20        6         1

        CLASS   BANK1          

        CLASS   BANK2          

        CLASS   BANK3          

        CLASS   RAM            

        CLASS   ABS1           
                abs_s1                               7E       7E        2         1

        CLASS   COMMON         
                cstackCOMMON                         70       70        C         1
                bssCOMMON                            7C       7C        1         1

        CLASS   SFR0           

        CLASS   SFR1           

        CLASS   SFR2           

        CLASS   SFR3           

        CLASS   CONFIG         
                config                             2007     2007        1         0

        CLASS   IDLOC          

        CLASS   EEDATA         



SEGMENTS        Name                           Load    Length   Top    Selector   Space  Class     Delta

                reset_vec                      000000  000003  000003         0       0  CODE        2
                strings                        000003  000034  000037         6       0  STRING      2
                bssBANK0                       000020  00000C  00002C        20       1  BANK0       1
                cstackCOMMON                   000070  00000D  00007D        70       1  COMMON      1
                idataBANK0                     00029C  000006  0002A2       538       0  CODE        2
                text436                        0002A2  000007  0002A9       544       0  CODE        2
                text435                        0002A9  000007  0002B0       552       0  CODE        2
                text434                        0002B0  000007  0002B7       560       0  CODE        2
                text433                        0002B7  000007  0002BE       56E       0  CODE        2
                text432                        0002BE  000014  0002D2       57C       0  CODE        2
                text427                        0002D2  000014  0002E6       5A4       0  CODE        2
                text429                        0002E6  000019  0002FF       5CC       0  CODE        2
                text428                        0002FF  000019  000318       5FE       0  CODE        2
                text426                        000318  00001D  000335       630       0  CODE        2
                text430                        000335  000021  000356       66A       0  CODE        2
                text425                        000356  00002B  000381       6AC       0  CODE        2
                cinit                          000381  00002F  0003B0       702       0  CODE        2
                text437                        0003B0  000030  0003E0       760       0  CODE        2
                text431                        0003E0  000034  000414       7C0       0  CODE        2
                text424                        000414  0000BE  0004D2       828       0  CODE        2
                text423                        0004D2  0000BE  000590       9A4       0  CODE        2
                text422                        000590  0000BE  00064E       B20       0  CODE        2
                text421                        00064E  0000BE  00070C       C9C       0  CODE        2
                maintext                       00070C  0000F4  000800       E18       0  CODE        2
                config                         002007  000001  002008      400E       0  CONFIG      2


UNUSED ADDRESS RANGES

        Name                Unused          Largest block    Delta
        BANK0            002C-006F             44           1
        BANK1            00A0-00EF             50           1
        BANK2            0110-016F             60           1
        BANK3            0190-01EF             60           1
        CODE             0037-029B            265           2
                         0800-1FFF            800
        COMMON           007D-007D              1           1
        CONST            0037-029B            100           2
                         0800-1FFF            100
        EEDATA           2100-21FF            100           2
        ENTRY            0037-029B            100           2
                         0800-1FFF            100
        IDLOC            2000-2003              4           2
        RAM              002C-006F             44           1
                         00A0-00EF             50
                         0110-016F             60
                         0190-01EF             60
        SFR0             0000-001F             20           1
        SFR1             0080-009F             20           1
        SFR2             0100-010F             10           1
        SFR3             0180-018F             10           1
        STRCODE          0037-029B            265           2
                         0800-1FFF           1800
        STRING           0037-029B            100           2
                         0800-1FFF            100

                                  Symbol Table

??_beep_once          cstackCOMMON 0078
??_beep_twice         cstackCOMMON 0078
??_clearrow1          cstackCOMMON 0070
??_clearrow2          cstackCOMMON 0070
??_clearrow3          cstackCOMMON 0070
??_clearrow4          cstackCOMMON 0070
??_delay              cstackCOMMON 0074
??_e_pulse            cstackCOMMON 0078
??_lcd_clr            cstackCOMMON 0079
??_lcd_goto           cstackCOMMON 0079
??_main               cstackCOMMON 007C
??_scancolumn1        cstackCOMMON 007B
??_scancolumn2        cstackCOMMON 007B
??_scancolumn3        cstackCOMMON 007B
??_scancolumn4        cstackCOMMON 007B
??_send_char          cstackCOMMON 0078
??_send_config        cstackCOMMON 0078
??_send_string        cstackCOMMON 0079
?_beep_once           cstackCOMMON 0070
?_beep_twice          cstackCOMMON 0070
?_clearrow1           cstackCOMMON 0070
?_clearrow2           cstackCOMMON 0070
?_clearrow3           cstackCOMMON 0070
?_clearrow4           cstackCOMMON 0070
?_delay               cstackCOMMON 0070
?_e_pulse             cstackCOMMON 0070
?_lcd_clr             cstackCOMMON 0070
?_lcd_goto            cstackCOMMON 0070
?_main                cstackCOMMON 0070
?_scancolumn1         cstackCOMMON 0070
?_scancolumn2         cstackCOMMON 0070
?_scancolumn3         cstackCOMMON 0070
?_scancolumn4         cstackCOMMON 0070
?_send_char           cstackCOMMON 0070
?_send_config         cstackCOMMON 0070
?_send_string         cstackCOMMON 0070
_ADCON1               (abs)        009F
_PORTC                (abs)        0007
_PORTD                (abs)        0008
_RA0                  (abs)        0028
_RA1                  (abs)        0029
_RA2                  (abs)        002A
_RA3                  (abs)        002B
_RA4                  (abs)        002C
_RA5                  (abs)        002D
_RB1                  (abs)        0031
_RB2                  (abs)        0032
_RC0                  (abs)        0038
_RC1                  (abs)        0039
_RC2                  (abs)        003A
_RC3                  (abs)        003B
_RE0                  (abs)        0048
_RE1                  (abs)        0049
_TRISA                (abs)        0085
_TRISB                (abs)        0086
_TRISC                (abs)        0087
_TRISD                (abs)        0088
_TRISE                (abs)        0089
__Habs1               abs1         0000
__Hbank0              bank0        0000
__Hbank1              bank1        0000
__Hbank2              bank2        0000
__Hbank3              bank3        0000
__HbssBANK0           bssBANK0     0000
__HbssCOMMON          bssCOMMON    0000
__Hcinit              cinit        0000
__Hclrtext            clrtext      0000
__Hcode               code         0000
__Hcommon             common       0000
__Hconfig             config       2008
__HcstackCOMMON       cstackCOMMON 0000
__HdataBANK0          dataBANK0    0000
__Heeprom_data        eeprom_data  0000
__Hend_init           end_init     0003
__Hfunctab            functab      0000
__HidataBANK0         idataBANK0   0000
__Hidloc              idloc        0000
__Hinit               init         0000
__Hintentry           intentry     0000
__Hmaintext           maintext     0000
__Hpowerup            powerup      0000
__Hram                ram          0000
__Hreset_vec          reset_vec    0000
__Hsfr0               sfr0         0000
__Hsfr1               sfr1         0000
__Hsfr2               sfr2         0000
__Hsfr3               sfr3         0000
__Hstrings            strings      0000
__Htext               text         0000
__Labs1               abs1         0000
__Lbank0              bank0        0000
__Lbank1              bank1        0000
__Lbank2              bank2        0000
__Lbank3              bank3        0000
__LbssBANK0           bssBANK0     0000
__LbssCOMMON          bssCOMMON    0000
__Lcinit              cinit        0000
__Lclrtext            clrtext      0000
__Lcode               code         0000
__Lcommon             common       0000
__Lconfig             config       2007
__LcstackCOMMON       cstackCOMMON 0000
__LdataBANK0          dataBANK0    0000
__Leeprom_data        eeprom_data  0000
__Lend_init           end_init     0000
__Lfunctab            functab      0000
__LidataBANK0         idataBANK0   0000
__Lidloc              idloc        0000
__Linit               init         0000
__Lintentry           intentry     0000
__Lmaintext           maintext     0000
__Lpowerup            powerup      0000
__Lram                ram          0000
__Lreset_vec          reset_vec    0000
__Lsfr0               sfr0         0000
__Lsfr1               sfr1         0000
__Lsfr2               sfr2         0000
__Lsfr3               sfr3         0000
__Lstrings            strings      0000
__Ltext               text         0000
__S0                  (abs)        2008
__S1                  (abs)        007D
__S2                  (abs)        0000
__end_of_beep_once    text432      02D2
__end_of_beep_twice   text431      0414
__end_of_clearrow1    text436      02A9
__end_of_clearrow2    text435      02B0
__end_of_clearrow3    text434      02B7
__end_of_clearrow4    text433      02BE
__end_of_delay        text437      03E0
__end_of_e_pulse      text430      0356
__end_of_lcd_clr      text427      02E6
__end_of_lcd_goto     text426      0335
__end_of_main         maintext     0800
__end_of_scancolumn1  text424      04D2
__end_of_scancolumn2  text423      0590
__end_of_scancolumn3  text422      064E
__end_of_scancolumn4  text421      070C
__end_of_send_char    text428      0318
__end_of_send_config  text429      02FF
__end_of_send_string  text425      0381
__pbssBANK0           bssBANK0     0020
__pbssCOMMON          bssCOMMON    007C
__pcstackCOMMON       cstackCOMMON 0070
__pdataBANK0          dataBANK0    0026
__pidataBANK0         idataBANK0   029C
__pmaintext           maintext     070C
__pstrings            strings      0003
__ptext421            text421      064E
__ptext422            text422      0590
__ptext423            text423      04D2
__ptext424            text424      0414
__ptext425            text425      0356
__ptext426            text426      0318
__ptext427            text427      02D2
__ptext428            text428      02FF
__ptext429            text429      02E6
__ptext430            text430      0335
__ptext431            text431      03E0
__ptext432            text432      02BE
__ptext433            text433      02B7
__ptext434            text434      02B0
__ptext435            text435      02A9
__ptext436            text436      02A2
__ptext437            text437      03B0
__ptext438            text438      0000
__size_of_beep_once   (abs)        0000
__size_of_beep_twice  (abs)        0000
__size_of_clearrow1   (abs)        0000
__size_of_clearrow2   (abs)        0000
__size_of_clearrow3   (abs)        0000
__size_of_clearrow4   (abs)        0000
__size_of_delay       (abs)        0000
__size_of_e_pulse     (abs)        0000
__size_of_lcd_clr     (abs)        0000
__size_of_lcd_goto    (abs)        0000
__size_of_main        (abs)        0000
__size_of_scancolumn1 (abs)        0000
__size_of_scancolumn2 (abs)        0000
__size_of_scancolumn3 (abs)        0000
__size_of_scancolumn4 (abs)        0000
__size_of_send_char   (abs)        0000
__size_of_send_config (abs)        0000
__size_of_send_string (abs)        0000
_beep_once            text432      02BE
_beep_twice           text431      03E0
_clearrow1            text436      02A2
_clearrow2            text435      02A9
_clearrow3            text434      02B0
_clearrow4            text433      02B7
_delay                text437      03B0
_e_pulse              text430      0335
_exit                 init         0000
_keyin_char           bssBANK0     0020
_lcd_clr              text427      02D2
_lcd_goto             text426      0318
_main                 maintext     070C
_password_count       bssCOMMON    007C
_scancolumn1          text424      0414
_scancolumn2          text423      04D2
_scancolumn3          text422      0590
_scancolumn4          text421      064E
_send_char            text428      02FF
_send_config          text429      02E6
_send_string          text425      0356
_stalled_char         dataBANK0    0026
btemp                 (abs)        007E
delay@data            cstackCOMMON 0070
end_of_initialization cinit        03AC
intlevel0             functab      0000
intlevel1             functab      0000
intlevel2             functab      0000
intlevel3             functab      0000
intlevel4             functab      0000
intlevel5             functab      0000
lcd_goto@data         cstackCOMMON 007A
reset_vec             reset_vec    0000
send_char@data        cstackCOMMON 0078
send_config@data      cstackCOMMON 0078
send_string@i         cstackCOMMON 007A
send_string@s         cstackCOMMON 007B
start                 init         0000
start_initialization  cinit        0381
wtemp0                (abs)        007E
